[33mÔØ»[39m Building...
[32mÔ£ö[39m Building...
[1mInitial chunk files[22m                                                                    [2m | [22m[1mNames[22m                                                                               [2m | [22m [1mRaw size[22m
[32mstyles.css[39m                                                                             [2m | [22m[2mstyles[22m                                                                              [2m | [22m[36m216.58 kB[39m[2m | [22m
[32mspec-app-features-processos-details-process-details.component.js[39m                       [2m | [22m[2mspec-app-features-processos-details-process-details.component[22m                       [2m | [22m[36m175.38 kB[39m[2m | [22m
[32mspec-app-features-processos-processos.component.js[39m                                     [2m | [22m[2mspec-app-features-processos-processos.component[22m                                     [2m | [22m [36m49.73 kB[39m[2m | [22m
[32mchunk-6HTPOLUW.js[39m                                                                      [2m | [22m[2m-[22m                                                                                   [2m | [22m [36m26.54 kB[39m[2m | [22m
[32mchunk-SVKFZS7F.js[39m                                                                      [2m | [22m[2m-[22m                                                                                   [2m | [22m [36m25.05 kB[39m[2m | [22m
[32mspec-app-features-alterar-senha-alterar-senha.component.js[39m                             [2m | [22m[2mspec-app-features-alterar-senha-alterar-senha.component[22m                             [2m | [22m [36m23.82 kB[39m[2m | [22m
[32mspec-app-features-dashboard-dashboard.component.js[39m                                     [2m | [22m[2mspec-app-features-dashboard-dashboard.component[22m                                     [2m | [22m [36m18.98 kB[39m[2m | [22m
[32mchunk-Y252H76R.js[39m                                                                      [2m | [22m[2m-[22m                                                                                   [2m | [22m [36m17.19 kB[39m[2m | [22m
[32mchunk-4CSGXECP.js[39m                                                                      [2m | [22m[2m-[22m                                                                                   [2m | [22m [36m16.26 kB[39m[2m | [22m
[32mchunk-ZJH6ZRHE.js[39m                                                                      [2m | [22m[2m-[22m                                                                                   [2m | [22m [36m15.05 kB[39m[2m | [22m
[32mchunk-G2ZJOMUR.js[39m                                                                      [2m | [22m[2m-[22m                                                                                   [2m | [22m [36m14.94 kB[39m[2m | [22m
[32mspec-app-features-distribuicao-distribuicao.component.js[39m                               [2m | [22m[2mspec-app-features-distribuicao-distribuicao.component[22m                               [2m | [22m [36m14.63 kB[39m[2m | [22m
[32mspec-app-app.js[39m                                                                        [2m | [22m[2mspec-app-app[22m                                                                        [2m | [22m [36m14.26 kB[39m[2m | [22m
[32mspec-app-features-admin-admin.component.js[39m                                             [2m | [22m[2mspec-app-features-admin-admin.component[22m                                             [2m | [22m [36m14.01 kB[39m[2m | [22m
[32mspec-app-features-login-login.component.js[39m                                             [2m | [22m[2mspec-app-features-login-login.component[22m                                             [2m | [22m [36m13.77 kB[39m[2m | [22m
[32mspec-app-shared-components-assigned-processes-list-assigned-processes-list.component.js[39m[2m | [22m[2mspec-app-shared-components-assigned-processes-list-assigned-processes-list.component[22m[2m | [22m [36m13.57 kB[39m[2m | [22m
[32mspec-app-shared-components-process-card-process-card.component.js[39m                      [2m | [22m[2mspec-app-shared-components-process-card-process-card.component[22m                      [2m | [22m [36m13.10 kB[39m[2m | [22m
[32mspec-app-features-ingestion-ingestion.component.js[39m                                     [2m | [22m[2mspec-app-features-ingestion-ingestion.component[22m                                     [2m | [22m [36m12.69 kB[39m[2m | [22m
[32mchunk-AL2XQXWH.js[39m                                                                      [2m | [22m[2m-[22m                                                                                   [2m | [22m [36m12.49 kB[39m[2m | [22m
[32mspec-app-features-enriquecimento-reprocessar.component.js[39m                              [2m | [22m[2mspec-app-features-enriquecimento-reprocessar.component[22m                              [2m | [22m [36m11.83 kB[39m[2m | [22m
[32mspec-app-core-services-process-state.service.js[39m                                        [2m | [22m[2mspec-app-core-services-process-state.service[22m                                        [2m | [22m [36m10.26 kB[39m[2m | [22m
[32mspec-app-shared-components-assigned-process-card-assigned-process-card.component.js[39m    [2m | [22m[2mspec-app-shared-components-assigned-process-card-assigned-process-card.component[22m    [2m | [22m  [36m9.93 kB[39m[2m | [22m
[32mspec-app-core-services-auth.service.js[39m                                                 [2m | [22m[2mspec-app-core-services-auth.service[22m                                                 [2m | [22m  [36m9.29 kB[39m[2m | [22m
[32mspec-app-shared-components-impersonate-dialog-impersonate-dialog.component.js[39m          [2m | [22m[2mspec-app-shared-components-impersonate-dialog-impersonate-dialog.component[22m          [2m | [22m  [36m8.59 kB[39m[2m | [22m
[32mchunk-MFHFVEEY.js[39m                                                                      [2m | [22m[2m-[22m                                                                                   [2m | [22m  [36m8.24 kB[39m[2m | [22m
[32mchunk-GCFKDR4J.js[39m                                                                      [2m | [22m[2m-[22m                                                                                   [2m | [22m  [36m8.14 kB[39m[2m | [22m
[32mspec-app-core-interceptors-auth.interceptor.js[39m                                         [2m | [22m[2mspec-app-core-interceptors-auth.interceptor[22m                                         [2m | [22m  [36m7.64 kB[39m[2m | [22m
[32mspec-app-shared-components-header-header.component.js[39m                                  [2m | [22m[2mspec-app-shared-components-header-header.component[22m                                  [2m | [22m  [36m7.44 kB[39m[2m | [22m
[32mspec-app-shared-components-score-breakdown-score-breakdown.component.js[39m                [2m | [22m[2mspec-app-shared-components-score-breakdown-score-breakdown.component[22m                [2m | [22m  [36m7.29 kB[39m[2m | [22m
[32mchunk-NTFKNIAQ.js[39m                                                                      [2m | [22m[2m-[22m                                                                                   [2m | [22m  [36m6.65 kB[39m[2m | [22m
[32mspec-app-shared-components-filter-bar-filter-bar.component.js[39m                          [2m | [22m[2mspec-app-shared-components-filter-bar-filter-bar.component[22m                          [2m | [22m  [36m6.32 kB[39m[2m | [22m
[32mspec-app-core-services-distribution.service.js[39m                                         [2m | [22m[2mspec-app-core-services-distribution.service[22m                                         [2m | [22m  [36m5.87 kB[39m[2m | [22m
[32mchunk-TO7ZEBXT.js[39m                                                                      [2m | [22m[2m-[22m                                                                                   [2m | [22m  [36m5.83 kB[39m[2m | [22m
[32mspec-app-shared-components-contact-process-dialog-contact-process-dialog.component.js[39m  [2m | [22m[2mspec-app-shared-components-contact-process-dialog-contact-process-dialog.component[22m  [2m | [22m  [36m5.73 kB[39m[2m | [22m
[32mchunk-FAUTWZEX.js[39m                                                                      [2m | [22m[2m-[22m                                                                                   [2m | [22m  [36m5.50 kB[39m[2m | [22m
[32mspec-app-shared-components-process-sidebar-list-process-sidebar-list.component.js[39m      [2m | [22m[2mspec-app-shared-components-process-sidebar-list-process-sidebar-list.component[22m      [2m | [22m  [36m5.44 kB[39m[2m | [22m
[32mspec-app-core-services-notification.service.js[39m                                         [2m | [22m[2mspec-app-core-services-notification.service[22m                                         [2m | [22m  [36m5.19 kB[39m[2m | [22m
[32mchunk-RGPNZK4G.js[39m                                                                      [2m | [22m[2m-[22m                                                                                   [2m | [22m  [36m5.00 kB[39m[2m | [22m
[32mchunk-RSTWSNOR.js[39m                                                                      [2m | [22m[2m-[22m                                                                                   [2m | [22m  [36m4.75 kB[39m[2m | [22m
[32mchunk-2LF47ZLY.js[39m                                                                      [2m | [22m[2m-[22m                                                                                   [2m | [22m  [36m4.54 kB[39m[2m | [22m
[32mchunk-OWPLTCNA.js[39m                                                                      [2m | [22m[2m-[22m                                                                                   [2m | [22m  [36m4.28 kB[39m[2m | [22m
[32mspec-app-core-services-documento.service.js[39m                                            [2m | [22m[2mspec-app-core-services-documento.service[22m                                            [2m | [22m  [36m3.97 kB[39m[2m | [22m
[32mspec-app-core-guards-login.guard.js[39m                                                    [2m | [22m[2mspec-app-core-guards-login.guard[22m                                                    [2m | [22m  [36m3.44 kB[39m[2m | [22m
[32mspec-app-core-services-actuator.service.js[39m                                             [2m | [22m[2mspec-app-core-services-actuator.service[22m                                             [2m | [22m  [36m3.41 kB[39m[2m | [22m
[32mchunk-DF5KJRXP.js[39m                                                                      [2m | [22m[2m-[22m                                                                                   [2m | [22m  [36m3.35 kB[39m[2m | [22m
[32mspec-app-core-guards-auth.guard.js[39m                                                     [2m | [22m[2mspec-app-core-guards-auth.guard[22m                                                     [2m | [22m  [36m3.29 kB[39m[2m | [22m
[32mchunk-5RXRKARJ.js[39m                                                                      [2m | [22m[2m-[22m                                                                                   [2m | [22m  [36m3.21 kB[39m[2m | [22m
[32mspec-app-shared-components-infinite-scroll-infinite-scroll.component.js[39m                [2m | [22m[2mspec-app-shared-components-infinite-scroll-infinite-scroll.component[22m                [2m | [22m  [36m3.16 kB[39m[2m | [22m
[32mchunk-43SNACIW.js[39m                                                                      [2m | [22m[2m-[22m                                                                                   [2m | [22m  [36m2.93 kB[39m[2m | [22m
[32mspec-app-shared-components-content-loader-content-loader.component.js[39m                  [2m | [22m[2mspec-app-shared-components-content-loader-content-loader.component[22m                  [2m | [22m  [36m2.88 kB[39m[2m | [22m
[32mspec-app-shared-components-upload-document-dialog-upload-document-dialog.component.js[39m  [2m | [22m[2mspec-app-shared-components-upload-document-dialog-upload-document-dialog.component[22m  [2m | [22m  [36m2.81 kB[39m[2m | [22m
[32mspec-app-core-services-theme.service.js[39m                                                [2m | [22m[2mspec-app-core-services-theme.service[22m                                                [2m | [22m  [36m2.76 kB[39m[2m | [22m
[32mspec-app-core-services-user.service.js[39m                                                 [2m | [22m[2mspec-app-core-services-user.service[22m                                                 [2m | [22m  [36m2.73 kB[39m[2m | [22m
[32mspec-app-shared-components-confirm-dialog-confirm-dialog.component.js[39m                  [2m | [22m[2mspec-app-shared-components-confirm-dialog-confirm-dialog.component[22m                  [2m | [22m  [36m2.60 kB[39m[2m | [22m
[32mchunk-OEQVPKCF.js[39m                                                                      [2m | [22m[2m-[22m                                                                                   [2m | [22m  [36m2.57 kB[39m[2m | [22m
[32mspec-app-core-models-processo-enums.model.js[39m                                           [2m | [22m[2mspec-app-core-models-processo-enums.model[22m                                           [2m | [22m  [36m2.55 kB[39m[2m | [22m
[32mspec-app-shared-components-empty-state-empty-state.component.js[39m                        [2m | [22m[2mspec-app-shared-components-empty-state-empty-state.component[22m                        [2m | [22m  [36m2.55 kB[39m[2m | [22m
[32mspec-app-shared-pipes-situacao-display.pipe.js[39m                                         [2m | [22m[2mspec-app-shared-pipes-situacao-display.pipe[22m                                         [2m | [22m  [36m2.55 kB[39m[2m | [22m
[32mspec-app-core-services-contato.service.js[39m                                              [2m | [22m[2mspec-app-core-services-contato.service[22m                                              [2m | [22m  [36m2.45 kB[39m[2m | [22m
[32mspec-app-shared-components-loading-overlay-loading-overlay.component.js[39m                [2m | [22m[2mspec-app-shared-components-loading-overlay-loading-overlay.component[22m                [2m | [22m  [36m2.42 kB[39m[2m | [22m
[32mspec-app-shared-components-error-state-error-state.component.js[39m                        [2m | [22m[2mspec-app-shared-components-error-state-error-state.component[22m                        [2m | [22m  [36m2.11 kB[39m[2m | [22m
[32mspec-app-shared-pipes-status-display.pipe.js[39m                                           [2m | [22m[2mspec-app-shared-pipes-status-display.pipe[22m                                           [2m | [22m  [36m2.06 kB[39m[2m | [22m
[32mspec-app-shared-components-page-header-page-header.component.js[39m                        [2m | [22m[2mspec-app-shared-components-page-header-page-header.component[22m                        [2m | [22m  [36m2.05 kB[39m[2m | [22m
[32mchunk-XXQNZVES.js[39m                                                                      [2m | [22m[2m-[22m                                                                                   [2m | [22m  [36m2.03 kB[39m[2m | [22m
[32mspec-app-core-guards-admin.guard.js[39m                                                    [2m | [22m[2mspec-app-core-guards-admin.guard[22m                                                    [2m | [22m  [36m1.97 kB[39m[2m | [22m
[32mspec-app-core-services-equipe.service.js[39m                                               [2m | [22m[2mspec-app-core-services-equipe.service[22m                                               [2m | [22m  [36m1.96 kB[39m[2m | [22m
[32mchunk-D5IDOHPD.js[39m                                                                      [2m | [22m[2m-[22m                                                                                   [2m | [22m  [36m1.71 kB[39m[2m | [22m
[32mchunk-ZPAAHVVW.js[39m                                                                      [2m | [22m[2m-[22m                                                                                   [2m | [22m  [36m1.65 kB[39m[2m | [22m
[32mspec-app-shared-components-sidebar-sidebar.component.js[39m                                [2m | [22m[2mspec-app-shared-components-sidebar-sidebar.component[22m                                [2m | [22m  [36m1.63 kB[39m[2m | [22m
[32mspec-app-shared-pipes-score-display.pipe.js[39m                                            [2m | [22m[2mspec-app-shared-pipes-score-display.pipe[22m                                            [2m | [22m  [36m1.55 kB[39m[2m | [22m
[32mspec-app-core-services-enriquecimento.service.js[39m                                       [2m | [22m[2mspec-app-core-services-enriquecimento.service[22m                                       [2m | [22m  [36m1.51 kB[39m[2m | [22m
[32mchunk-CXPUB2U6.js[39m                                                                      [2m | [22m[2m-[22m                                                                                   [2m | [22m  [36m1.47 kB[39m[2m | [22m
[32mspec-app-core-services-ingestion.service.js[39m                                            [2m | [22m[2mspec-app-core-services-ingestion.service[22m                                            [2m | [22m  [36m1.42 kB[39m[2m | [22m
[32mchunk-2YVGTPLR.js[39m                                                                      [2m | [22m[2m-[22m                                                                                   [2m | [22m  [36m1.39 kB[39m[2m | [22m
[32mchunk-ZUJWWQR7.js[39m                                                                      [2m | [22m[2m-[22m                                                                                   [2m | [22m  [36m1.31 kB[39m[2m | [22m
[32minit-testbed.js[39m                                                                        [2m | [22m[2minit-testbed[22m                                                                        [2m | [22m  [36m1.21 kB[39m[2m | [22m
[32mspec-app-shared-pipes-safe.pipe.js[39m                                                     [2m | [22m[2mspec-app-shared-pipes-safe.pipe[22m                                                     [2m | [22m  [36m1.13 kB[39m[2m | [22m
[32mchunk-2DATAJ3G.js[39m                                                                      [2m | [22m[2m-[22m                                                                                   [2m | [22m  [36m1.13 kB[39m[2m | [22m
[32mchunk-4EM7WHEI.js[39m                                                                      [2m | [22m[2m-[22m                                                                                   [2m | [22m  [36m1.08 kB[39m[2m | [22m
[32mvitest-mock-patch.js[39m                                                                   [2m | [22m[2mvitest-mock-patch[22m                                                                   [2m | [22m[36m974 bytes[39m[2m | [22m
[32mchunk-X26XHXKJ.js[39m                                                                      [2m | [22m[2m-[22m                                                                                   [2m | [22m[36m929 bytes[39m[2m | [22m
[32mchunk-SMJNTND5.js[39m                                                                      [2m | [22m[2m-[22m                                                                                   [2m | [22m[36m905 bytes[39m[2m | [22m
[32mchunk-LJ6DQUAQ.js[39m                                                                      [2m | [22m[2m-[22m                                                                                   [2m | [22m[36m893 bytes[39m[2m | [22m
[32mchunk-ZMSOS46O.js[39m                                                                      [2m | [22m[2m-[22m                                                                                   [2m | [22m[36m875 bytes[39m[2m | [22m
[32mchunk-43ZUMMRO.js[39m                                                                      [2m | [22m[2m-[22m                                                                                   [2m | [22m[36m222 bytes[39m[2m | [22m

[1m [22m                                                                                      [2m | [22m[1mInitial total[22m                                                                       [2m | [22m[1m952.59 kB[22m

Application bundle generation complete. [11.304 seconds] - 2026-07-13T23:00:25.270Z


[1m[30m[46m RUN [49m[39m[22m [36mv4.1.9 [39m[90mC:/Users/Aluga.com/Documents/estudos/projeto_analise_processos/analise_processo_frontend[39m
      [2mCoverage enabled with [22m[33mv8[39m

node.exe : Not implemented: Window's scrollTo() method
No linha:1 caractere:1
+ & "C:\Program Files\nodejs/node.exe" "C:\Program Files\nodejs/node_mo ...
+ ~~~~~~~~~~~~~~~~~~~~~~~~~~~~~~~~~~~~~~~~~~~~~~~~~~~~~~~~~~~~~~~~~~~~~
    + CategoryInfo          : NotSpecified: (Not implemented...rollTo() method:String) [], RemoteException
    + FullyQualifiedErrorId : NativeCommandError
 
Not implemented: Window's scrollTo() method
Not implemented: Window's scrollTo() method

[2m Test Files [22m [1m[32m49 passed[39m[22m[90m (49)[39m
[2m      Tests [22m [1m[32m476 passed[39m[22m[90m (476)[39m
[2m   Start at [22m 20:00:26
[2m   Duration [22m 64.16s[2m (transform 8.97s, setup 19.17s, import 44.65s, tests 145.49s, environment 285.73s)[22m

[34m % [39m[2mCoverage report from [22m[33mv8[39m
-------------------|---------|----------|---------|---------|-------------------
File               | % Stmts | % Branch | % Funcs | % Lines | Uncovered Line #s 
-------------------|---------|----------|---------|---------|-------------------
All files          |   73.49 |    77.37 |   69.19 |   79.44 |                   
 app               |   94.11 |       90 |      75 |     100 |                   
  app.html         |   85.71 |      100 |       0 |     100 |                   
  app.ts           |     100 |     87.5 |   85.71 |     100 | 32-43             
 app/core/guards   |   90.32 |      100 |   71.42 |   90.32 |                   
  auth.guard.ts    |   83.33 |      100 |   66.66 |   83.33 | 27-28             
  login.guard.ts   |   91.66 |      100 |   66.66 |   91.66 | 26                
 ...e/interceptors |     100 |    91.17 |     100 |     100 |                   
  ...nterceptor.ts |     100 |    91.17 |     100 |     100 | 29-31             
 app/core/services |    93.8 |    96.04 |   91.52 |   93.01 |                   
  auth.service.ts  |    87.5 |     90.9 |   81.81 |   85.71 | ...56-158,171-178 
  ...to.service.ts |      80 |      100 |   66.66 |   71.42 | 36-37             
  ...te.service.ts |   92.92 |    97.87 |   92.85 |   92.85 | 140-145,224       
  theme.service.ts |   95.23 |    83.33 |     100 |     100 | 19,26,33          
 ...features/admin |     100 |       90 |     100 |     100 |                   
  ....component.ts |     100 |       90 |     100 |     100 | 23                
 .../alterar-senha |      75 |    48.33 |   36.36 |   93.33 |                   
  ...omponent.html |   59.32 |        0 |       0 |   85.18 | 34-35,40-42       
  ....component.ts |     100 |    96.66 |     100 |     100 | 32                
 ...ures/dashboard |   75.47 |    75.55 |   42.85 |   86.11 |                   
  ...omponent.html |      48 |        0 |       0 |   61.53 | 10-15             
  ....component.ts |     100 |    97.14 |     100 |     100 | 24                
 ...s/distribuicao |   93.65 |    95.45 |   81.81 |   95.23 |                   
  ...omponent.html |   88.23 |       75 |       0 |   88.88 | 24-25             
 ...enriquecimento |   77.77 |    66.66 |   77.77 |      85 |                   
  ...omponent.html |    64.7 |        0 |       0 |      75 | 15-18,34-37       
  ....component.ts |     100 |     90.9 |     100 |     100 | 25                
 ...ures/ingestion |      72 |    47.61 |    37.5 |   84.37 |                   
  ...omponent.html |   62.85 |        0 |       0 |   80.95 | 10-11,28-30       
  ....component.ts |   93.33 |     90.9 |      75 |    90.9 | 54                
 ...features/login |   93.87 |       68 |   44.44 |   96.29 |                   
  ...omponent.html |   91.89 |    42.85 |       0 |   94.73 | 26                
  ....component.ts |     100 |      100 |      80 |     100 |                   
 ...ures/processos |   90.24 |       75 |   53.84 |   94.11 |                   
  ...omponent.html |   86.44 |    56.66 |       0 |   90.47 | 10-12,35,91,111   
  ....component.ts |     100 |    91.17 |     100 |     100 | 74,80,88          
 ...cessos/details |   26.46 |    49.13 |   55.78 |   36.59 |                   
  ...omponent.html |       0 |        0 |       0 |       0 | 1-414             
  ....component.ts |   78.01 |     68.9 |   68.83 |   83.41 | ...90,313,471-517 
 ...d-process-card |      93 |    86.36 |   73.33 |   97.75 |                   
  ...omponent.html |   89.36 |       50 |       0 |   95.74 | 50,55             
 ...processes-list |   81.57 |    83.87 |   84.21 |   88.37 |                   
  ...omponent.html |   55.31 |    61.11 |       0 |   64.28 | 10-17,33,38-40    
  ....component.ts |     100 |    93.18 |     100 |     100 | 119-121           
 ...process-dialog |    97.7 |    73.07 |   58.33 |     100 |                   
  ....component.ts |    97.7 |    73.07 |   58.33 |     100 | 44-74             
 ...content-loader |   89.58 |      100 |     100 |   90.24 |                   
  ...omponent.html |   86.11 |      100 |     100 |   88.57 | 52-56             
 ...nts/filter-bar |   77.53 |    79.31 |   43.47 |    94.8 |                   
  ...omponent.html |      69 |       50 |       0 |    90.9 | 13-14,65-66       
 ...ponents/header |   71.55 |    74.19 |      45 |   73.01 |                   
  ...omponent.html |   72.41 |     62.5 |   14.28 |   76.92 | 2-10              
  ....component.ts |   68.96 |    86.66 |   61.53 |   66.66 | 48-61,77          
 ...rsonate-dialog |   96.38 |    93.33 |      75 |     100 |                   
  ....component.ts |   96.38 |    93.33 |      75 |     100 | 29                
 ...nfinite-scroll |      85 |       80 |     100 |   85.71 |                   
  ....component.ts |      85 |       80 |     100 |   85.71 | 34-35             
 ...ts/page-header |     100 |    93.75 |     100 |     100 |                   
  ...omponent.html |     100 |    83.33 |     100 |     100 | 4                 
 ...s/process-card |   87.23 |    95.23 |     100 |   85.18 |                   
  ...omponent.html |   80.64 |       50 |     100 |   77.77 | 21-24             
 ...s-sidebar-list |   52.17 |       90 |   66.66 |   63.63 |                   
  ...omponent.html |   26.66 |      100 |       0 |   42.85 | 3-6               
  ....component.ts |     100 |       90 |     100 |     100 | 16                
 ...onents/sidebar |   80.59 |    91.66 |   28.57 |      90 |                   
  ...omponent.html |   77.58 |       50 |       0 |      88 | 31-33             
 ...ocument-dialog |   93.54 |    83.33 |   57.14 |     100 |                   
  ...omponent.html |      90 |        0 |       0 |     100 | 4                 
-------------------|---------|----------|---------|---------|-------------------

=============================== Coverage summary ===============================
Statements   : 73.49% ( 2094/2849 )
Branches     : 77.37% ( 896/1158 )
Functions    : 69.19% ( 328/474 )
Lines        : 79.44% ( 1469/1849 )
================================================================================
ERROR: Coverage for lines (79.44%) does not meet global threshold (80%)
